// Jest Snapshot v1, https://goo.gl/fbAQLP

exports[`The Page component on an initial load matches the snapshot 1`] = `
<div>
  <header
    class="MuiPaper-root-8 MuiPaper-shadow4-14 MuiAppBar-root-1 MuiAppBar-positionFixed-2 MuiAppBar-colorPrimary-6 mui-fixed"
  >
    <div
      class="MuiToolbar-root-35 MuiToolbar-gutters-36"
    >
      <button
        class="MuiButtonBase-root-44 MuiIconButton-root-37 MuiIconButton-colorInherit-38 appBarLeftButton"
        tabindex="0"
        type="button"
      >
        <span
          class="MuiIconButton-label-42"
        >
          <svg
            aria-hidden="true"
            class="MuiSvgIcon-root-46 MuiIconButton-icon-43"
            focusable="false"
            viewBox="0 0 24 24"
          >
            <path
              d="M15.41 16.09l-4.58-4.59 4.58-4.59L14 5.5l-6 6 6 6z"
            />
          </svg>
        </span>
        <span
          class="MuiTouchRipple-root-52"
        />
      </button>
      <h2
        class="MuiTypography-root-59 MuiTypography-title-65 MuiTypography-colorInherit-78"
      >
        Some page
      </h2>
    </div>
  </header>
  <div
    class="pageContent"
  >
    <p>
      Some content
    </p>
  </div>
</div>
`;
