// Jest Snapshot v1, https://goo.gl/fbAQLP

exports[`The TextInput component On an initial load matches the snapshot 1`] = `
<form>
  <div
    class="MuiFormControl-root-1 MuiFormControl-marginNormal-2"
    color="accent"
  >
    <label
      class="MuiFormLabel-root-11 MuiInputLabel-root-5 MuiInputLabel-formControl-6 MuiInputLabel-animated-9"
      data-shrink="false"
    >
      Some label
    </label>
    <div
      class="MuiInput-root-15 MuiInput-formControl-16 MuiInput-inkbar-17 MuiInput-underline-21"
    >
      <input
        class="MuiInput-input-24 MuiInput-inputSingleline-27"
        name="someName"
        type="text"
        value=""
      />
    </div>
  </div>
</form>
`;
