// Jest Snapshot v1, https://goo.gl/fbAQLP

exports[`The EpigramEditor component on an initial load matches the snapshot 1`] = `
<form>
  <div
    class="MuiPaper-root-1 MuiPaper-shadow2-5 MuiPaper-rounded-2"
  >
    <div
      class="MuiCardHeader-root-28"
    >
      <div
        class="MuiCardHeader-content-31"
      >
        <span
          class="MuiTypography-root-34 MuiTypography-headline-39 MuiCardHeader-title-32"
        >
          Propriétés
        </span>
      </div>
    </div>
    <div
      class="MuiCardContent-root-58"
    >
      <div
        class="MuiGrid-typeContainer-59 MuiGrid-spacing-xs-16-81"
      >
        <div
          class="MuiGrid-typeItem-60 MuiGrid-grid-sm-3-100"
        >
          <div
            class="MuiFormControl-root-149 MuiFormControl-marginNormal-150 MuiFormControl-fullWidth-152"
          >
            <label
              class="MuiFormLabel-root-159 MuiInputLabel-root-153 MuiInputLabel-formControl-154 MuiInputLabel-animated-157"
              data-shrink="false"
            >
              Auteur
            </label>
            <div
              class="MuiInput-root-163 MuiInput-fullWidth-171 MuiInput-formControl-164 MuiInput-inkbar-165 MuiInput-underline-169"
            >
              <input
                aria-invalid="false"
                aria-required="false"
                class="MuiInput-input-172 MuiInput-inputSingleline-175"
                name="author"
                type="text"
                value=""
              />
            </div>
          </div>
        </div>
        <div
          class="MuiGrid-typeItem-60 MuiGrid-grid-sm-3-100"
        >
          <div
            class="MuiFormControl-root-149 MuiFormControl-marginNormal-150 MuiFormControl-fullWidth-152"
          >
            <label
              class="MuiFormLabel-root-159 MuiInputLabel-root-153 MuiInputLabel-formControl-154 MuiInputLabel-animated-157"
              data-shrink="false"
            >
              Référence
            </label>
            <div
              class="MuiInput-root-163 MuiInput-fullWidth-171 MuiInput-formControl-164 MuiInput-inkbar-165 MuiInput-underline-169"
            >
              <input
                aria-invalid="false"
                aria-required="false"
                class="MuiInput-input-172 MuiInput-inputSingleline-175"
                name="reference"
                type="text"
                value=""
              />
            </div>
          </div>
        </div>
        <div
          class="MuiGrid-typeItem-60 MuiGrid-grid-sm-6-103"
        >
          <div
            class="MuiFormControl-root-149 MuiFormControl-marginNormal-150 MuiFormControl-fullWidth-152"
          >
            <label
              class="MuiFormLabel-root-159 MuiInputLabel-root-153 MuiInputLabel-formControl-154 MuiInputLabel-animated-157"
              data-shrink="false"
            >
              Titre
            </label>
            <div
              class="MuiInput-root-163 MuiInput-fullWidth-171 MuiInput-formControl-164 MuiInput-inkbar-165 MuiInput-underline-169"
            >
              <input
                aria-invalid="false"
                aria-required="false"
                class="MuiInput-input-172 MuiInput-inputSingleline-175"
                name="title"
                type="text"
                value=""
              />
            </div>
          </div>
        </div>
        <div
          class="MuiGrid-typeItem-60 MuiGrid-grid-sm-3-100"
        >
          <div
            class="MuiFormControl-root-149 MuiFormControl-marginNormal-150 MuiFormControl-fullWidth-152"
          >
            <label
              class="MuiFormLabel-root-159 MuiInputLabel-root-153 MuiInputLabel-formControl-154 MuiInputLabel-animated-157"
              data-shrink="false"
            >
              Mètre
            </label>
            <div
              class="MuiInput-root-163 MuiInput-fullWidth-171 MuiInput-formControl-164 MuiInput-inkbar-165 MuiInput-underline-169"
            >
              <input
                aria-invalid="false"
                aria-required="false"
                class="MuiInput-input-172 MuiInput-inputSingleline-175"
                name="meter"
                type="text"
                value=""
              />
            </div>
          </div>
        </div>
        <div
          class="MuiGrid-typeItem-60 MuiGrid-grid-sm-3-100"
        >
          <div
            class="MuiFormControl-root-149 MuiFormControl-marginNormal-150 MuiFormControl-fullWidth-152"
          >
            <label
              class="MuiFormLabel-root-159 MuiInputLabel-root-153 MuiInputLabel-formControl-154 MuiInputLabel-animated-157"
              data-shrink="false"
            >
              Strophe
            </label>
            <div
              class="MuiInput-root-163 MuiInput-fullWidth-171 MuiInput-formControl-164 MuiInput-inkbar-165 MuiInput-underline-169"
            >
              <input
                aria-invalid="false"
                aria-required="false"
                class="MuiInput-input-172 MuiInput-inputSingleline-175"
                name="stanza"
                type="text"
                value=""
              />
            </div>
          </div>
        </div>
        <div
          class="MuiGrid-typeItem-60 MuiGrid-grid-sm-3-100"
        >
          <div
            class="MuiFormControl-root-149 MuiFormControl-marginNormal-150 MuiFormControl-fullWidth-152"
          >
            <label
              class="MuiFormLabel-root-159 MuiInputLabel-root-153 MuiInputLabel-formControl-154 MuiInputLabel-animated-157"
              data-shrink="false"
            >
              Destinataire
            </label>
            <div
              class="MuiInput-root-163 MuiInput-fullWidth-171 MuiInput-formControl-164 MuiInput-inkbar-165 MuiInput-underline-169"
            >
              <input
                aria-invalid="false"
                aria-required="false"
                class="MuiInput-input-172 MuiInput-inputSingleline-175"
                name="addressee"
                type="text"
                value=""
              />
            </div>
          </div>
        </div>
        <div
          class="MuiGrid-typeItem-60 MuiGrid-grid-sm-3-100"
        >
          <div
            class="MuiFormControl-root-149 MuiFormControl-marginNormal-150 MuiFormControl-fullWidth-152"
          >
            <label
              class="MuiFormLabel-root-159 MuiInputLabel-root-153 MuiInputLabel-formControl-154 MuiInputLabel-animated-157"
              data-shrink="false"
            >
              Date
            </label>
            <div
              class="MuiInput-root-163 MuiInput-fullWidth-171 MuiInput-formControl-164 MuiInput-inkbar-165 MuiInput-underline-169"
            >
              <input
                aria-invalid="false"
                aria-required="false"
                class="MuiInput-input-172 MuiInput-inputSingleline-175"
                name="date"
                type="text"
                value=""
              />
            </div>
          </div>
        </div>
        <div
          class="MuiGrid-typeItem-60 MuiGrid-grid-sm-12-109"
        >
          <div
            class="MuiFormControl-root-149 MuiFormControl-marginNormal-150 MuiFormControl-fullWidth-152"
          >
            <label
              class="MuiFormLabel-root-159 MuiInputLabel-root-153 MuiInputLabel-formControl-154 MuiInputLabel-animated-157"
              data-shrink="false"
            >
              Vices
            </label>
            <div
              class="MuiInput-root-163 MuiInput-fullWidth-171 MuiInput-formControl-164 MuiInput-inkbar-165 MuiInput-underline-169"
            >
              <input
                aria-invalid="false"
                aria-required="false"
                class="MuiInput-input-172 MuiInput-inputSingleline-175"
                name="vices"
                type="text"
                value=""
              />
            </div>
          </div>
        </div>
      </div>
    </div>
  </div>
  <div
    class="MuiPaper-root-1 MuiPaper-shadow2-5 MuiPaper-rounded-2"
  >
    <div
      class="MuiCardHeader-root-28"
    >
      <div
        class="MuiCardHeader-content-31"
      >
        <span
          class="MuiTypography-root-34 MuiTypography-headline-39 MuiCardHeader-title-32"
        >
          Oeuvre d'origine
        </span>
      </div>
    </div>
    <div
      class="MuiCardContent-root-58"
    >
      <p
        class="MuiTypography-root-34 MuiTypography-body1-43"
      >
        aucune
      </p>
      <button
        class="MuiButtonBase-root-192 MuiButton-root-178"
        tabindex="0"
        type="button"
      >
        <span
          class="MuiButton-label-180"
        >
          Modifier
        </span>
        <span
          class="MuiTouchRipple-root-194"
        />
      </button>
    </div>
  </div>
  <div
    class="MuiPaper-root-1 MuiPaper-shadow2-5 MuiPaper-rounded-2"
  >
    <div
      class="MuiCardHeader-root-28"
    >
      <div
        class="MuiCardHeader-content-31"
      >
        <span
          class="MuiTypography-root-34 MuiTypography-headline-39 MuiCardHeader-title-32"
        >
          Texte latin
        </span>
      </div>
    </div>
    <div
      class="MuiCardContent-root-58"
    >
      <div>
        Rich text editor mock
      </div>
    </div>
  </div>
  <div
    class="MuiPaper-root-1 MuiPaper-shadow2-5 MuiPaper-rounded-2"
  >
    <div
      class="MuiCardHeader-root-28"
    >
      <div
        class="MuiCardHeader-content-31"
      >
        <span
          class="MuiTypography-root-34 MuiTypography-headline-39 MuiCardHeader-title-32"
        >
          Texte français
        </span>
      </div>
    </div>
    <div
      class="MuiCardContent-root-58"
    >
      <div>
        Rich text editor mock
      </div>
    </div>
  </div>
  <div
    class="MuiPaper-root-1 MuiPaper-shadow2-5 MuiPaper-rounded-2"
  >
    <div
      class="MuiCardHeader-root-28"
    >
      <div
        class="MuiCardHeader-content-31"
      >
        <span
          class="MuiTypography-root-34 MuiTypography-headline-39 MuiCardHeader-title-32"
        >
          Notes
        </span>
      </div>
    </div>
    <div
      class="MuiCardContent-root-58"
    >
      <div>
        Rich text editor mock
      </div>
    </div>
  </div>
  <button
    class="MuiButtonBase-root-192 MuiButton-root-178 MuiButton-raised-184 MuiButton-fab-189 MuiButton-raisedSecondary-187"
    role="button"
    tabindex="0"
    type="submit"
  >
    <span
      class="MuiButton-label-180"
    >
      <svg
        aria-hidden="true"
        class="MuiSvgIcon-root-203"
        focusable="false"
        viewBox="0 0 24 24"
      >
        <path
          d="M17 3H5c-1.11 0-2 .9-2 2v14c0 1.1.89 2 2 2h14c1.1 0 2-.9 2-2V7l-4-4zm-5 16c-1.66 0-3-1.34-3-3s1.34-3 3-3 3 1.34 3 3-1.34 3-3 3zm3-10H5V5h10v4z"
        />
      </svg>
    </span>
    <span
      class="MuiTouchRipple-root-194"
    />
  </button>
</form>
`;
