// Jest Snapshot v1, https://goo.gl/fbAQLP

exports[`The EpigramEditor component on an initial load matches the snapshot 1`] = `
<form>
  <div
    class="MuiPaper-root-3 MuiPaper-shadow2-7 MuiPaper-rounded-4 EpigramEditor-card-1"
  >
    <div
      class="MuiCardContent-root-36 MuiCardHeader-root-30"
    >
      <div
        class="MuiCardHeader-content-33"
      >
        <span
          class="MuiTypography-root-37 MuiTypography-headline-42 MuiCardHeader-title-34"
        >
          Propriétés
        </span>
      </div>
    </div>
    <div
      class="MuiCardContent-root-36"
    >
      <div
        class="MuiGrid-typeContainer-61 MuiGrid-spacing-xs-16-82"
      >
        <div
          class="MuiGrid-typeItem-62 MuiGrid-grid-sm-3-101"
        >
          <div
            class="MuiFormControl-root-150 MuiFormControl-marginNormal-151 MuiFormControl-fullWidth-153"
          >
            <label
              class="MuiFormLabel-root-160 MuiInputLabel-root-154 MuiInputLabel-formControl-155 MuiInputLabel-animated-158"
              data-shrink="false"
            >
              Auteur
            </label>
            <div
              class="MuiInput-root-164 MuiInput-formControl-165 MuiInput-inkbar-166 MuiInput-underline-170"
            >
              <input
                aria-invalid="false"
                aria-required="false"
                class="MuiInput-input-173 MuiInput-inputSingleline-176"
                name="author"
                type="text"
                value=""
              />
            </div>
          </div>
        </div>
        <div
          class="MuiGrid-typeItem-62 MuiGrid-grid-sm-3-101"
        >
          <div
            class="MuiFormControl-root-150 MuiFormControl-marginNormal-151 MuiFormControl-fullWidth-153"
          >
            <label
              class="MuiFormLabel-root-160 MuiInputLabel-root-154 MuiInputLabel-formControl-155 MuiInputLabel-animated-158"
              data-shrink="false"
            >
              Référence
            </label>
            <div
              class="MuiInput-root-164 MuiInput-formControl-165 MuiInput-inkbar-166 MuiInput-underline-170"
            >
              <input
                aria-invalid="false"
                aria-required="false"
                class="MuiInput-input-173 MuiInput-inputSingleline-176"
                name="reference"
                type="text"
                value=""
              />
            </div>
          </div>
        </div>
        <div
          class="MuiGrid-typeItem-62 MuiGrid-grid-sm-6-104"
        >
          <div
            class="MuiFormControl-root-150 MuiFormControl-marginNormal-151 MuiFormControl-fullWidth-153"
          >
            <label
              class="MuiFormLabel-root-160 MuiInputLabel-root-154 MuiInputLabel-formControl-155 MuiInputLabel-animated-158"
              data-shrink="false"
            >
              Titre
            </label>
            <div
              class="MuiInput-root-164 MuiInput-formControl-165 MuiInput-inkbar-166 MuiInput-underline-170"
            >
              <input
                aria-invalid="false"
                aria-required="false"
                class="MuiInput-input-173 MuiInput-inputSingleline-176"
                name="title"
                type="text"
                value=""
              />
            </div>
          </div>
        </div>
        <div
          class="MuiGrid-typeItem-62 MuiGrid-grid-sm-3-101"
        >
          <div
            class="MuiFormControl-root-150 MuiFormControl-marginNormal-151 MuiFormControl-fullWidth-153"
          >
            <label
              class="MuiFormLabel-root-160 MuiInputLabel-root-154 MuiInputLabel-formControl-155 MuiInputLabel-animated-158"
              data-shrink="false"
            >
              Mètre
            </label>
            <div
              class="MuiInput-root-164 MuiInput-formControl-165 MuiInput-inkbar-166 MuiInput-underline-170"
            >
              <input
                aria-invalid="false"
                aria-required="false"
                class="MuiInput-input-173 MuiInput-inputSingleline-176"
                name="meter"
                type="text"
                value=""
              />
            </div>
          </div>
        </div>
        <div
          class="MuiGrid-typeItem-62 MuiGrid-grid-sm-3-101"
        >
          <div
            class="MuiFormControl-root-150 MuiFormControl-marginNormal-151 MuiFormControl-fullWidth-153"
          >
            <label
              class="MuiFormLabel-root-160 MuiInputLabel-root-154 MuiInputLabel-formControl-155 MuiInputLabel-animated-158"
              data-shrink="false"
            >
              Strophe
            </label>
            <div
              class="MuiInput-root-164 MuiInput-formControl-165 MuiInput-inkbar-166 MuiInput-underline-170"
            >
              <input
                aria-invalid="false"
                aria-required="false"
                class="MuiInput-input-173 MuiInput-inputSingleline-176"
                name="stanza"
                type="text"
                value=""
              />
            </div>
          </div>
        </div>
        <div
          class="MuiGrid-typeItem-62 MuiGrid-grid-sm-3-101"
        >
          <div
            class="MuiFormControl-root-150 MuiFormControl-marginNormal-151 MuiFormControl-fullWidth-153"
          >
            <label
              class="MuiFormLabel-root-160 MuiInputLabel-root-154 MuiInputLabel-formControl-155 MuiInputLabel-animated-158"
              data-shrink="false"
            >
              Destinataire
            </label>
            <div
              class="MuiInput-root-164 MuiInput-formControl-165 MuiInput-inkbar-166 MuiInput-underline-170"
            >
              <input
                aria-invalid="false"
                aria-required="false"
                class="MuiInput-input-173 MuiInput-inputSingleline-176"
                name="addressee"
                type="text"
                value=""
              />
            </div>
          </div>
        </div>
        <div
          class="MuiGrid-typeItem-62 MuiGrid-grid-sm-3-101"
        >
          <div
            class="MuiFormControl-root-150 MuiFormControl-marginNormal-151 MuiFormControl-fullWidth-153"
          >
            <label
              class="MuiFormLabel-root-160 MuiInputLabel-root-154 MuiInputLabel-formControl-155 MuiInputLabel-animated-158"
              data-shrink="false"
            >
              Date
            </label>
            <div
              class="MuiInput-root-164 MuiInput-formControl-165 MuiInput-inkbar-166 MuiInput-underline-170"
            >
              <input
                aria-invalid="false"
                aria-required="false"
                class="MuiInput-input-173 MuiInput-inputSingleline-176"
                name="date"
                type="text"
                value=""
              />
            </div>
          </div>
        </div>
        <div
          class="MuiGrid-typeItem-62 MuiGrid-grid-sm-12-110"
        >
          <div
            class="MuiFormControl-root-150 MuiFormControl-marginNormal-151 MuiFormControl-fullWidth-153"
          >
            <label
              class="MuiFormLabel-root-160 MuiInputLabel-root-154 MuiInputLabel-formControl-155 MuiInputLabel-animated-158"
              data-shrink="false"
            >
              Vices
            </label>
            <div
              class="MuiInput-root-164 MuiInput-formControl-165 MuiInput-inkbar-166 MuiInput-underline-170"
            >
              <input
                aria-invalid="false"
                aria-required="false"
                class="MuiInput-input-173 MuiInput-inputSingleline-176"
                name="vices"
                type="text"
                value=""
              />
            </div>
          </div>
        </div>
      </div>
      <div
        class="MuiGrid-typeItem-62 MuiGrid-grid-sm-12-110"
      >
        <button
          class="MuiButtonBase-root-194 MuiButton-root-179"
          role="button"
          tabindex="0"
          type="button"
        >
          <span
            class="MuiButton-label-181"
          >
            Origine
          </span>
          <span
            class="MuiTouchRipple-root-196"
          />
        </button>
      </div>
    </div>
  </div>
  <div
    class="MuiPaper-root-3 MuiPaper-shadow2-7 MuiPaper-rounded-4 EpigramEditor-card-1"
  >
    <div
      class="MuiCardContent-root-36 MuiCardHeader-root-30"
    >
      <div
        class="MuiCardHeader-content-33"
      >
        <span
          class="MuiTypography-root-37 MuiTypography-headline-42 MuiCardHeader-title-34"
        >
          Texte latin
        </span>
      </div>
    </div>
    <div
      class="MuiCardContent-root-36"
    >
      <div>
        Rich text editor mock
      </div>
    </div>
  </div>
  <div
    class="MuiPaper-root-3 MuiPaper-shadow2-7 MuiPaper-rounded-4 EpigramEditor-card-1"
  >
    <div
      class="MuiCardContent-root-36 MuiCardHeader-root-30"
    >
      <div
        class="MuiCardHeader-content-33"
      >
        <span
          class="MuiTypography-root-37 MuiTypography-headline-42 MuiCardHeader-title-34"
        >
          Texte français
        </span>
      </div>
    </div>
    <div
      class="MuiCardContent-root-36"
    >
      <div>
        Rich text editor mock
      </div>
    </div>
  </div>
  <div
    class="MuiPaper-root-3 MuiPaper-shadow2-7 MuiPaper-rounded-4 EpigramEditor-card-1"
  >
    <div
      class="MuiCardContent-root-36 MuiCardHeader-root-30"
    >
      <div
        class="MuiCardHeader-content-33"
      >
        <span
          class="MuiTypography-root-37 MuiTypography-headline-42 MuiCardHeader-title-34"
        >
          Notes
        </span>
      </div>
    </div>
    <div
      class="MuiCardContent-root-36"
    >
      <div>
        Rich text editor mock
      </div>
    </div>
  </div>
  <button
    class="MuiButtonBase-root-194 MuiButton-root-179 MuiButton-raised-186 MuiButton-fab-192 MuiButton-raisedAccent-189 EpigramEditor-saveButton-2"
    role="button"
    tabindex="0"
    type="submit"
  >
    <span
      class="MuiButton-label-181"
    >
      <svg
        aria-hidden="true"
        class="MuiSvgIcon-root-205"
        focusable="false"
        viewBox="0 0 24 24"
      >
        <path
          d="M17 3H5c-1.11 0-2 .9-2 2v14c0 1.1.89 2 2 2h14c1.1 0 2-.9 2-2V7l-4-4zm-5 16c-1.66 0-3-1.34-3-3s1.34-3 3-3 3 1.34 3 3-1.34 3-3 3zm3-10H5V5h10v4z"
        />
      </svg>
    </span>
    <span
      class="MuiTouchRipple-root-196"
    />
  </button>
</form>
`;
